// Jest Snapshot v1, https://goo.gl/fbAQLP

exports[`Testing on <HeroPage /> should show the initial state of the component 1`] = `
<div>
  <div
    class="row mt-5"
  >
    <div
      class="col-4"
    >
      <img
        alt="Superman"
        class="img-thumbnail animate__animated animate__fadeInLeft"
        src="/heroes/dc-superman.jpg"
      />
    </div>
    <div
      class="col-8"
    >
      <h3>
        Superman
      </h3>
      <ul
        class="list-group list-group-flush"
      >
        <li
          class="list-group-item"
        >
          <b>
            Alter ego:
          </b>
           
          Kal-El
        </li>
        <li
          class="list-group-item"
        >
          <b>
            Publisher:
          </b>
           
          DC Comics
        </li>
        <li
          class="list-group-item"
        >
          <b>
            First appearance:
          </b>
           
          Action Comics #1
        </li>
      </ul>
      <h5
        class="mt-3"
      >
        Characters
      </h5>
      <p>
        Kal-El
      </p>
      <button
        class="btn btn-outline-primary"
      >
        Atr√°s
      </button>
    </div>
  </div>
</div>
`;
